AR vgacore vgaimplementation C:/Users/Markus/Documents/Logikanalyzer/Logikanalyzer/VgaCore.vhd sub00/vhpl05 1373025713
PH globaltypes NULL C:/Users/Markus/Documents/Logikanalyzer/Logikanalyzer/GlobalTypes.vhd sub00/vhpl02 1373025710
AR logikanalyzer laimplementation C:/Users/Markus/Documents/Logikanalyzer/Logikanalyzer/Logikanalyzer.vhd sub00/vhpl13 1373025723
EN blockram NULL C:/Users/Markus/Documents/Logikanalyzer/Logikanalyzer/ipcore_dir/BlockRam.vhd sub00/vhpl06 1373025714
EN logikanalyzer NULL C:/Users/Markus/Documents/Logikanalyzer/Logikanalyzer/Logikanalyzer.vhd sub00/vhpl12 1373025722
AR trigger triggerimplementation C:/Users/Markus/Documents/Logikanalyzer/Logikanalyzer/Trigger.vhd sub00/vhpl11 1373025721
EN trigger NULL C:/Users/Markus/Documents/Logikanalyzer/Logikanalyzer/Trigger.vhd sub00/vhpl10 1373025720
PB vgatext vgatext C:/Users/Markus/Documents/Logikanalyzer/Logikanalyzer/VgaText.vhd sub00/vhpl01 1373025709
AR sampler samplerimplementation C:/Users/Markus/Documents/Logikanalyzer/Logikanalyzer/Sampler.vhd sub00/vhpl09 1373025719
EN textrom NULL C:/Users/Markus/Documents/Logikanalyzer/Logikanalyzer/TextRom.vhd sub00/vhpl14 1373025716
EN sampler NULL C:/Users/Markus/Documents/Logikanalyzer/Logikanalyzer/Sampler.vhd sub00/vhpl08 1373025718
PB globaltypes globaltypes C:/Users/Markus/Documents/Logikanalyzer/Logikanalyzer/GlobalTypes.vhd sub00/vhpl03 1373025711
AR textrom behavioral C:/Users/Markus/Documents/Logikanalyzer/Logikanalyzer/TextRom.vhd sub00/vhpl15 1373025717
PH vgatext NULL C:/Users/Markus/Documents/Logikanalyzer/Logikanalyzer/VgaText.vhd sub00/vhpl00 1373025708
EN vgacore NULL C:/Users/Markus/Documents/Logikanalyzer/Logikanalyzer/VgaCore.vhd sub00/vhpl04 1373025712
AR blockram blockram_a C:/Users/Markus/Documents/Logikanalyzer/Logikanalyzer/ipcore_dir/BlockRam.vhd sub00/vhpl07 1373025715
